[dotenv@17.3.1] injecting env (3) from .env -- tip: ΓÜÖ∩╕Å  write to custom object with { processEnv: myObject }
Connected to MongoDB
Cleared existing users
Created 5 users

Testing matches for Lucas (Gender: man, Looking for: woman, Age: 28, AgePrefs: 25ΓÇô35, Location: Paris)
Querying age range: 25 to 35
Query: {"_id":{"$ne":"69acf7bbc922c5d36e9edaba"},"gender":"woman","age":{"$gte":25,"$lte":35}}
Found 3 DB matches for Lucas:
 - Emma (Age: 26, Gender: woman, LookingFor: man)
 - Sophie (Age: 32, Gender: woman, LookingFor: man)
 - Julie (Age: 27, Gender: woman, LookingFor: woman)

Testing matches for Emma (Gender: woman, Looking for: man, Age: 26, AgePrefs: 25ΓÇô35, Location: Paris)
Found 2 DB matches for Emma:
 - Lucas (Age: 28, Gender: man, LookingFor: woman)
 - Thomas (Age: 30, Gender: man, LookingFor: woman)
